// Jest Snapshot v1, https://goo.gl/fbAQLP

exports[`fetch news saga should call the fetchNewsFail action if the request failed 1`] = `
Object {
  "@@redux-saga/IO": true,
  "combinator": false,
  "payload": Object {
    "args": Array [
      "https://api.nytimes.com/svc/mostpopular/v2/viewed/7.json?api-key=tm1LRCluoKntuqAdrmR2gEP76MGI1aac",
    ],
    "context": null,
    "fn": [Function],
  },
  "type": "CALL",
}
`;

exports[`fetch news saga should call the fetchNewsSuccess action  1`] = `
Object {
  "@@redux-saga/IO": true,
  "combinator": false,
  "payload": Object {
    "args": Array [
      "https://api.nytimes.com/svc/mostpopular/v2/viewed/7.json?api-key=tm1LRCluoKntuqAdrmR2gEP76MGI1aac",
    ],
    "context": null,
    "fn": [Function],
  },
  "type": "CALL",
}
`;
