// Jest Snapshot v1, https://goo.gl/fbAQLP

exports[`Entry point should render and match the snapshot 1`] = `Object {}`;
