// Jest Snapshot v1, https://goo.gl/fbAQLP

exports[`NavigationLink Navigation link should render and match the snapshot 1`] = `
<a
  href="/"
/>
`;
